
> react-typescript-starter@0.1.0 test
> react-scripts test "--coverage"

PASS src/Tests/viewDegreePlansListTest.test.tsx
  ● Console

    console.error
      DOMException {}

PASS src/Tests/viewDegreePlanTest.test.tsx
PASS src/interfaces/DegreePlan.test.tsx
PASS src/interfaces/Course.test.tsx
PASS src/Tests/editCourse.test.tsx
PASS src/Tests/viewSemesterTest.test.tsx
PASS src/Tests/editSemester.test.tsx
  ● Console

    console.error
      DOMException {}

PASS src/Tests/editDegreePlan.test.tsx
PASS src/Tests/viewCoursePool.test.tsx
PASS src/Tests/viewCourse.test.tsx
PASS src/Tests/addCourse.test.tsx
PASS src/interfaces/Requirements.test.tsx
PASS src/App.test.tsx
-----------------------------|---------|----------|---------|---------|-------------------------
File                         | % Stmts | % Branch | % Funcs | % Lines | Uncovered Line #s       
-----------------------------|---------|----------|---------|---------|-------------------------
All files                    |   63.67 |    56.41 |   66.66 |   63.67 |                         
 src                         |   91.66 |    66.66 |      75 |   91.66 |                         
  App.tsx                    |   91.66 |    66.66 |      75 |   91.66 | 88                      
 src/Compontents             |    56.1 |    50.18 |   62.28 |    56.1 |                         
  addCourse.tsx              |    23.8 |    38.88 |   32.14 |    23.8 | 79,189-222,235,269-422  
  editCourse.tsx             |    87.5 |       60 |     100 |    87.5 | 35,41,47                
  editCourseRequirements.tsx |    3.33 |        0 |    6.25 |    3.33 | 33-170                  
  editDegreePlan.tsx         |   66.66 |       50 |      75 |   66.66 | 30,47-51                
  editSemester.tsx           |   52.17 |      100 |   57.14 |   52.17 | 22-37                   
  readJSON.tsx               |     100 |      100 |     100 |     100 |                         
  searchCourse.tsx           |   19.04 |       25 |    8.33 |   19.04 | 47-234                  
  viewCourse.tsx             |   67.69 |    69.44 |      75 |   67.69 | 38-61,68,97,103,109,199 
  viewCoursePool.tsx         |    25.8 |       20 |   46.66 |    25.8 | 25-63,105               
  viewDegreePlan.tsx         |   91.89 |    86.36 |     100 |   91.89 | 36,55,72                
  viewDegreePlansList.tsx    |   84.61 |    82.35 |   88.23 |   84.61 | 301-305                 
  viewSemester.tsx           |   88.63 |    82.14 |     100 |   88.63 | 39,45,66,72,91          
 src/interfaces              |   91.39 |    85.71 |     100 |   91.39 |                         
  Course.ts                  |     100 |      100 |     100 |     100 |                         
  CourseCSVTable.ts          |     100 |      100 |     100 |     100 |                         
  Degree.ts                  |     100 |      100 |     100 |     100 |                         
  DegreePlan.ts              |   88.23 |    81.81 |     100 |   88.23 | 49,59,82,125            
  Requirements.ts            |     100 |      100 |     100 |     100 |                         
  Section.ts                 |       0 |        0 |       0 |       0 |                         
  Semester.ts                |      80 |       50 |     100 |      80 | 61,66-69                
-----------------------------|---------|----------|---------|---------|-------------------------

Test Suites: 13 passed, 13 total
Tests:       51 passed, 51 total
Snapshots:   0 total
Time:        15.438 s
Ran all test suites.
